MemTotal:        6030272 kB
MemFree:         2883808 kB
MemAvailable:    4156224 kB
Buffers:          118168 kB
Cached:          1545584 kB
SwapCached:            0 kB
Active:          1963192 kB
Inactive:         972208 kB
Active(anon):    1276256 kB
Inactive(anon):   256616 kB
Active(file):     686936 kB
Inactive(file):   715592 kB
Unevictable:        4700 kB
Mlocked:            4700 kB
SwapTotal:             0 kB
SwapFree:              0 kB
Dirty:               464 kB
Writeback:             0 kB
AnonPages:       1276376 kB
Mapped:           435512 kB
Shmem:            257852 kB
Slab:             119028 kB
SReclaimable:      77648 kB
SUnreclaim:        41380 kB
KernelStack:        9760 kB
PageTables:        41796 kB
NFS_Unstable:          0 kB
Bounce:                0 kB
WritebackTmp:          0 kB
CommitLimit:     3015136 kB
Committed_AS:    6650944 kB
VmallocTotal:   34359738367 kB
VmallocUsed:      352508 kB
VmallocChunk:   34359379268 kB
HardwareCorrupted:     0 kB
AnonHugePages:         0 kB
HugePages_Total:       0
HugePages_Free:        0
HugePages_Rsvd:        0
HugePages_Surp:        0
Hugepagesize:       2048 kB
DirectMap4k:       87356 kB
DirectMap2M:     6105088 kB
MemTotal:        6030272 kB
MemFree:         3371892 kB
MemAvailable:    4738376 kB
Buffers:          246100 kB
Cached:          1322548 kB
SwapCached:            0 kB
Active:          1715076 kB
Inactive:         668644 kB
Active(anon):     823160 kB
Inactive(anon):   105224 kB
Active(file):     891916 kB
Inactive(file):   563420 kB
Unevictable:        5196 kB
Mlocked:            5196 kB
SwapTotal:             0 kB
SwapFree:              0 kB
Dirty:                52 kB
Writeback:             0 kB
AnonPages:        820280 kB
Mapped:           279672 kB
Shmem:            109940 kB
Slab:             197400 kB
SReclaimable:     160164 kB
SUnreclaim:        37236 kB
KernelStack:        8256 kB
PageTables:        32084 kB
NFS_Unstable:          0 kB
Bounce:                0 kB
WritebackTmp:          0 kB
CommitLimit:     3015136 kB
Committed_AS:    3816044 kB
VmallocTotal:   34359738367 kB
VmallocUsed:      352540 kB
VmallocChunk:   34359381468 kB
HardwareCorrupted:     0 kB
AnonHugePages:         0 kB
HugePages_Total:       0
HugePages_Free:        0
HugePages_Rsvd:        0
HugePages_Surp:        0
Hugepagesize:       2048 kB
DirectMap4k:       58684 kB
DirectMap2M:     6133760 kB
