MemTotal:        6030272 kB
MemFree:         2883808 kB
MemAvailable:    4156224 kB
Buffers:          118168 kB
Cached:          1545584 kB
SwapCached:            0 kB
Active:          1963192 kB
Inactive:         972208 kB
Active(anon):    1276256 kB
Inactive(anon):   256616 kB
Active(file):     686936 kB
Inactive(file):   715592 kB
Unevictable:        4700 kB
Mlocked:            4700 kB
SwapTotal:             0 kB
SwapFree:              0 kB
Dirty:               464 kB
Writeback:             0 kB
AnonPages:       1276376 kB
Mapped:           435512 kB
Shmem:            257852 kB
Slab:             119028 kB
SReclaimable:      77648 kB
SUnreclaim:        41380 kB
KernelStack:        9760 kB
PageTables:        41796 kB
NFS_Unstable:          0 kB
Bounce:                0 kB
WritebackTmp:          0 kB
CommitLimit:     3015136 kB
Committed_AS:    6650944 kB
VmallocTotal:   34359738367 kB
VmallocUsed:      352508 kB
VmallocChunk:   34359379268 kB
HardwareCorrupted:     0 kB
AnonHugePages:         0 kB
HugePages_Total:       0
HugePages_Free:        0
HugePages_Rsvd:        0
HugePages_Surp:        0
Hugepagesize:       2048 kB
DirectMap4k:       87356 kB
DirectMap2M:     6105088 kB
MemTotal:        6030272 kB
MemFree:         3371892 kB
MemAvailable:    4738376 kB
Buffers:          246100 kB
Cached:          1322548 kB
SwapCached:            0 kB
Active:          1715076 kB
Inactive:         668644 kB
Active(anon):     823160 kB
Inactive(anon):   105224 kB
Active(file):     891916 kB
Inactive(file):   563420 kB
Unevictable:        5196 kB
Mlocked:            5196 kB
SwapTotal:             0 kB
SwapFree:              0 kB
Dirty:                52 kB
Writeback:             0 kB
AnonPages:        820280 kB
Mapped:           279672 kB
Shmem:            109940 kB
Slab:             197400 kB
SReclaimable:     160164 kB
SUnreclaim:        37236 kB
KernelStack:        8256 kB
PageTables:        32084 kB
NFS_Unstable:          0 kB
Bounce:                0 kB
WritebackTmp:          0 kB
CommitLimit:     3015136 kB
Committed_AS:    3816044 kB
VmallocTotal:   34359738367 kB
VmallocUsed:      352540 kB
VmallocChunk:   34359381468 kB
HardwareCorrupted:     0 kB
AnonHugePages:         0 kB
HugePages_Total:       0
HugePages_Free:        0
HugePages_Rsvd:        0
HugePages_Surp:        0
Hugepagesize:       2048 kB
DirectMap4k:       58684 kB
DirectMap2M:     6133760 kB
MemTotal:        6030272 kB
MemFree:         1562752 kB
MemAvailable:    3549948 kB
Buffers:          279792 kB
Cached:          2024144 kB
SwapCached:            0 kB
Active:          2905076 kB
Inactive:        1229556 kB
Active(anon):    1839544 kB
Inactive(anon):   246144 kB
Active(file):    1065532 kB
Inactive(file):   983412 kB
Unevictable:        7496 kB
Mlocked:            7496 kB
SwapTotal:             0 kB
SwapFree:              0 kB
Dirty:              1020 kB
Writeback:             0 kB
AnonPages:       1838088 kB
Mapped:           479924 kB
Shmem:            251620 kB
Slab:             234628 kB
SReclaimable:     191656 kB
SUnreclaim:        42972 kB
KernelStack:       10480 kB
PageTables:        45376 kB
NFS_Unstable:          0 kB
Bounce:                0 kB
WritebackTmp:          0 kB
CommitLimit:     3015136 kB
Committed_AS:    7315884 kB
VmallocTotal:   34359738367 kB
VmallocUsed:      352540 kB
VmallocChunk:   34359381468 kB
HardwareCorrupted:     0 kB
AnonHugePages:         0 kB
HugePages_Total:       0
HugePages_Free:        0
HugePages_Rsvd:        0
HugePages_Surp:        0
Hugepagesize:       2048 kB
DirectMap4k:       64828 kB
DirectMap2M:     6127616 kB
MemTotal:        6030272 kB
MemFree:         3437352 kB
MemAvailable:    4393800 kB
Buffers:          114728 kB
Cached:          1193080 kB
SwapCached:            0 kB
Active:          1628068 kB
Inactive:         759388 kB
Active(anon):    1084612 kB
Inactive(anon):   213544 kB
Active(file):     543456 kB
Inactive(file):   545844 kB
Unevictable:        7404 kB
Mlocked:            7404 kB
SwapTotal:             0 kB
SwapFree:              0 kB
Dirty:               280 kB
Writeback:             0 kB
AnonPages:       1087040 kB
Mapped:           458604 kB
Shmem:            215136 kB
Slab:             113848 kB
SReclaimable:      72164 kB
SUnreclaim:        41684 kB
KernelStack:       10016 kB
PageTables:        40056 kB
NFS_Unstable:          0 kB
Bounce:                0 kB
WritebackTmp:          0 kB
CommitLimit:     3015136 kB
Committed_AS:    5818772 kB
VmallocTotal:   34359738367 kB
VmallocUsed:      352572 kB
VmallocChunk:   34359381468 kB
HardwareCorrupted:     0 kB
AnonHugePages:         0 kB
HugePages_Total:       0
HugePages_Free:        0
HugePages_Rsvd:        0
HugePages_Surp:        0
Hugepagesize:       2048 kB
DirectMap4k:       58684 kB
DirectMap2M:     6133760 kB
